\BOOKMARK [0][-]{chapter.1}{\376\377\000A\000p\000p\000r\000o\000a\000c\000h\000\040\0001\000\040\000\050\000h\000a\000n\000d\000l\000e\000\051}{}% 1
\BOOKMARK [0][-]{chapter.2}{\376\377\000A\000p\000p\000r\000o\000a\000c\000h\000\040\0002\000\040\000\050\000c\000o\000m\000m\000a\000n\000d\000/\000r\000e\000s\000p\000o\000n\000s\000e\000\051}{}% 2
\BOOKMARK [0][-]{chapter.3}{\376\377\000M\000o\000d\000u\000l\000e\000s}{}% 3
\BOOKMARK [1][-]{section.3.1}{\376\377\000a\000l\000i\000r\000o\000\137\000a\000c\000t\000u\000a\000t\000o\000r}{chapter.3}% 4
\BOOKMARK [2][-]{subsection.3.1.1}{\376\377\000a\000l\000i\000r\000o\000\137\000a\000c\000t\000u\000a\000t\000o\000r\000\040\000p\000a\000c\000k\000a\000g\000e}{section.3.1}% 5
\BOOKMARK [3][-]{subsubsection.3.1.1.1}{\376\377\000S\000u\000b\000p\000a\000c\000k\000a\000g\000e\000s}{subsection.3.1.1}% 6
\BOOKMARK [4][-]{paragraph*.3}{\376\377\000a\000l\000i\000r\000o\000\137\000a\000c\000t\000u\000a\000t\000o\000r\000.\000a\000c\000c\000e\000s\000s\000\137\000p\000r\000o\000t\000o\000c\000o\000l\000\040\000p\000a\000c\000k\000a\000g\000e}{subsubsection.3.1.1.1}% 7
\BOOKMARK [5][-]{subparagraph*.4}{\376\377\000S\000u\000b\000m\000o\000d\000u\000l\000e\000s}{paragraph*.3}% 8
\BOOKMARK [5][-]{subparagraph*.5}{\376\377\000a\000l\000i\000r\000o\000\137\000a\000c\000t\000u\000a\000t\000o\000r\000.\000a\000c\000c\000e\000s\000s\000\137\000p\000r\000o\000t\000o\000c\000o\000l\000.\000a\000p\000d\000u\000\040\000m\000o\000d\000u\000l\000e}{paragraph*.3}% 9
\BOOKMARK [5][-]{subparagraph*.102}{\376\377\000a\000l\000i\000r\000o\000\137\000a\000c\000t\000u\000a\000t\000o\000r\000.\000a\000c\000c\000e\000s\000s\000\137\000p\000r\000o\000t\000o\000c\000o\000l\000.\000a\000u\000t\000h\000e\000n\000t\000i\000c\000a\000t\000i\000o\000n\000\040\000m\000o\000d\000u\000l\000e}{paragraph*.3}% 10
\BOOKMARK [5][-]{subparagraph*.105}{\376\377\000a\000l\000i\000r\000o\000\137\000a\000c\000t\000u\000a\000t\000o\000r\000.\000a\000c\000c\000e\000s\000s\000\137\000p\000r\000o\000t\000o\000c\000o\000l\000.\000d\000e\000f\000i\000n\000e\000s\000\040\000m\000o\000d\000u\000l\000e}{paragraph*.3}% 11
\BOOKMARK [5][-]{subparagraph*.174}{\376\377\000a\000l\000i\000r\000o\000\137\000a\000c\000t\000u\000a\000t\000o\000r\000.\000a\000c\000c\000e\000s\000s\000\137\000p\000r\000o\000t\000o\000c\000o\000l\000.\000e\000n\000c\000r\000y\000p\000t\000i\000o\000n\000\040\000m\000o\000d\000u\000l\000e}{paragraph*.3}% 12
\BOOKMARK [5][-]{subparagraph*.185}{\376\377\000a\000l\000i\000r\000o\000\137\000a\000c\000t\000u\000a\000t\000o\000r\000.\000a\000c\000c\000e\000s\000s\000\137\000p\000r\000o\000t\000o\000c\000o\000l\000.\000e\000r\000r\000o\000r\000s\000\040\000m\000o\000d\000u\000l\000e}{paragraph*.3}% 13
\BOOKMARK [5][-]{subparagraph*.205}{\376\377\000a\000l\000i\000r\000o\000\137\000a\000c\000t\000u\000a\000t\000o\000r\000.\000a\000c\000c\000e\000s\000s\000\137\000p\000r\000o\000t\000o\000c\000o\000l\000.\000m\000a\000i\000l\000b\000o\000x\000\040\000m\000o\000d\000u\000l\000e}{paragraph*.3}% 14
\BOOKMARK [5][-]{subparagraph*.220}{\376\377\000a\000l\000i\000r\000o\000\137\000a\000c\000t\000u\000a\000t\000o\000r\000.\000a\000c\000c\000e\000s\000s\000\137\000p\000r\000o\000t\000o\000c\000o\000l\000.\000r\000e\000a\000d\000e\000r\000\040\000m\000o\000d\000u\000l\000e}{paragraph*.3}% 15
\BOOKMARK [5][-]{subparagraph*.258}{\376\377\000a\000l\000i\000r\000o\000\137\000a\000c\000t\000u\000a\000t\000o\000r\000.\000a\000c\000c\000e\000s\000s\000\137\000p\000r\000o\000t\000o\000c\000o\000l\000.\000t\000l\000v\000\040\000m\000o\000d\000u\000l\000e}{paragraph*.3}% 16
\BOOKMARK [5][-]{subparagraph*.270}{\376\377\000a\000l\000i\000r\000o\000\137\000a\000c\000t\000u\000a\000t\000o\000r\000.\000a\000c\000c\000e\000s\000s\000\137\000p\000r\000o\000t\000o\000c\000o\000l\000.\000u\000s\000e\000r\000\137\000d\000e\000v\000i\000c\000e\000\040\000m\000o\000d\000u\000l\000e}{paragraph*.3}% 17
\BOOKMARK [5][-]{subparagraph*.324}{\376\377\000M\000o\000d\000u\000l\000e\000\040\000c\000o\000n\000t\000e\000n\000t\000s}{paragraph*.3}% 18
\BOOKMARK [5][-]{subparagraph*.325}{\376\377\000A\000c\000c\000e\000s\000s\000\040\000P\000r\000o\000t\000o\000c\000o\000l}{paragraph*.3}% 19
\BOOKMARK [4][-]{paragraph*.328}{\376\377\000a\000l\000i\000r\000o\000\137\000a\000c\000t\000u\000a\000t\000o\000r\000.\000c\000r\000e\000d\000e\000n\000t\000i\000a\000l\000\040\000p\000a\000c\000k\000a\000g\000e}{subsubsection.3.1.1.1}% 20
\BOOKMARK [5][-]{subparagraph*.329}{\376\377\000S\000u\000b\000m\000o\000d\000u\000l\000e\000s}{paragraph*.328}% 21
\BOOKMARK [5][-]{subparagraph*.330}{\376\377\000a\000l\000i\000r\000o\000\137\000a\000c\000t\000u\000a\000t\000o\000r\000.\000c\000r\000e\000d\000e\000n\000t\000i\000a\000l\000.\000a\000c\000c\000e\000s\000s\000\137\000c\000r\000e\000d\000e\000n\000t\000i\000a\000l\000\040\000m\000o\000d\000u\000l\000e}{paragraph*.328}% 22
\BOOKMARK [5][-]{subparagraph*.336}{\376\377\000a\000l\000i\000r\000o\000\137\000a\000c\000t\000u\000a\000t\000o\000r\000.\000c\000r\000e\000d\000e\000n\000t\000i\000a\000l\000.\000e\000r\000r\000o\000r\000s\000\040\000m\000o\000d\000u\000l\000e}{paragraph*.328}% 23
\BOOKMARK [5][-]{subparagraph*.339}{\376\377\000a\000l\000i\000r\000o\000\137\000a\000c\000t\000u\000a\000t\000o\000r\000.\000c\000r\000e\000d\000e\000n\000t\000i\000a\000l\000.\000r\000e\000v\000o\000c\000a\000t\000i\000o\000n\000\137\000d\000o\000c\000u\000m\000e\000n\000t\000\040\000m\000o\000d\000u\000l\000e}{paragraph*.328}% 24
\BOOKMARK [5][-]{subparagraph*.341}{\376\377\000M\000o\000d\000u\000l\000e\000\040\000c\000o\000n\000t\000e\000n\000t\000s}{paragraph*.328}% 25
\BOOKMARK [4][-]{paragraph*.345}{\376\377\000a\000l\000i\000r\000o\000\137\000a\000c\000t\000u\000a\000t\000o\000r\000.\000h\000w\000\137\000d\000r\000i\000v\000e\000r\000\040\000p\000a\000c\000k\000a\000g\000e}{subsubsection.3.1.1.1}% 26
\BOOKMARK [5][-]{subparagraph*.346}{\376\377\000S\000u\000b\000p\000a\000c\000k\000a\000g\000e\000s}{paragraph*.345}% 27
\BOOKMARK [5][-]{subparagraph*.347}{\376\377\000a\000l\000i\000r\000o\000\137\000a\000c\000t\000u\000a\000t\000o\000r\000.\000h\000w\000\137\000d\000r\000i\000v\000e\000r\000.\000p\000n\0007\0001\0006\0000\000\137\000d\000r\000i\000v\000e\000r\000\040\000p\000a\000c\000k\000a\000g\000e}{paragraph*.345}% 28
\BOOKMARK [5][-]{subparagraph*.348}{\376\377\000S\000u\000b\000m\000o\000d\000u\000l\000e\000s}{paragraph*.345}% 29
\BOOKMARK [5][-]{subparagraph*.349}{\376\377\000a\000l\000i\000r\000o\000\137\000a\000c\000t\000u\000a\000t\000o\000r\000.\000h\000w\000\137\000d\000r\000i\000v\000e\000r\000.\000p\000n\0007\0001\0006\0000\000\137\000d\000r\000i\000v\000e\000r\000.\000a\000p\000i\000\040\000m\000o\000d\000u\000l\000e}{paragraph*.345}% 30
\BOOKMARK [5][-]{subparagraph*.371}{\376\377\000a\000l\000i\000r\000o\000\137\000a\000c\000t\000u\000a\000t\000o\000r\000.\000h\000w\000\137\000d\000r\000i\000v\000e\000r\000.\000p\000n\0007\0001\0006\0000\000\137\000d\000r\000i\000v\000e\000r\000.\000e\000r\000r\000o\000r\000s\000\040\000m\000o\000d\000u\000l\000e}{paragraph*.345}% 31
\BOOKMARK [5][-]{subparagraph*.379}{\376\377\000M\000o\000d\000u\000l\000e\000\040\000c\000o\000n\000t\000e\000n\000t\000s}{paragraph*.345}% 32
\BOOKMARK [5][-]{subparagraph*.386}{\376\377\000M\000o\000d\000u\000l\000e\000\040\000c\000o\000n\000t\000e\000n\000t\000s}{paragraph*.345}% 33
\BOOKMARK [4][-]{paragraph*.387}{\376\377\000a\000l\000i\000r\000o\000\137\000a\000c\000t\000u\000a\000t\000o\000r\000.\000t\000r\000a\000n\000s\000p\000o\000r\000t\000\137\000p\000r\000o\000t\000o\000c\000o\000l\000\040\000p\000a\000c\000k\000a\000g\000e}{subsubsection.3.1.1.1}% 34
\BOOKMARK [5][-]{subparagraph*.388}{\376\377\000S\000u\000b\000m\000o\000d\000u\000l\000e\000s}{paragraph*.387}% 35
\BOOKMARK [5][-]{subparagraph*.389}{\376\377\000a\000l\000i\000r\000o\000\137\000a\000c\000t\000u\000a\000t\000o\000r\000.\000t\000r\000a\000n\000s\000p\000o\000r\000t\000\137\000p\000r\000o\000t\000o\000c\000o\000l\000.\000b\000l\000e\000\137\000u\000w\000b\000\040\000m\000o\000d\000u\000l\000e}{paragraph*.387}% 36
\BOOKMARK [5][-]{subparagraph*.395}{\376\377\000a\000l\000i\000r\000o\000\137\000a\000c\000t\000u\000a\000t\000o\000r\000.\000t\000r\000a\000n\000s\000p\000o\000r\000t\000\137\000p\000r\000o\000t\000o\000c\000o\000l\000.\000e\000r\000r\000o\000r\000s\000\040\000m\000o\000d\000u\000l\000e}{paragraph*.387}% 37
\BOOKMARK [5][-]{subparagraph*.399}{\376\377\000a\000l\000i\000r\000o\000\137\000a\000c\000t\000u\000a\000t\000o\000r\000.\000t\000r\000a\000n\000s\000p\000o\000r\000t\000\137\000p\000r\000o\000t\000o\000c\000o\000l\000.\000n\000f\000c\000\040\000m\000o\000d\000u\000l\000e}{paragraph*.387}% 38
\BOOKMARK [5][-]{subparagraph*.405}{\376\377\000a\000l\000i\000r\000o\000\137\000a\000c\000t\000u\000a\000t\000o\000r\000.\000t\000r\000a\000n\000s\000p\000o\000r\000t\000\137\000p\000r\000o\000t\000o\000c\000o\000l\000.\000s\000o\000c\000k\000e\000t\000\040\000m\000o\000d\000u\000l\000e}{paragraph*.387}% 39
\BOOKMARK [5][-]{subparagraph*.412}{\376\377\000M\000o\000d\000u\000l\000e\000\040\000c\000o\000n\000t\000e\000n\000t\000s}{paragraph*.387}% 40
\BOOKMARK [4][-]{paragraph*.421}{\376\377\000a\000l\000i\000r\000o\000\137\000a\000c\000t\000u\000a\000t\000o\000r\000.\000t\000r\000u\000s\000t\000\137\000f\000r\000a\000m\000e\000w\000o\000r\000k\000\040\000p\000a\000c\000k\000a\000g\000e}{subsubsection.3.1.1.1}% 41
\BOOKMARK [5][-]{subparagraph*.422}{\376\377\000S\000u\000b\000m\000o\000d\000u\000l\000e\000s}{paragraph*.421}% 42
\BOOKMARK [5][-]{subparagraph*.423}{\376\377\000a\000l\000i\000r\000o\000\137\000a\000c\000t\000u\000a\000t\000o\000r\000.\000t\000r\000u\000s\000t\000\137\000f\000r\000a\000m\000e\000w\000o\000r\000k\000.\000c\000e\000r\000t\000i\000f\000i\000c\000a\000t\000e\000\040\000m\000o\000d\000u\000l\000e}{paragraph*.421}% 43
\BOOKMARK [5][-]{subparagraph*.435}{\376\377\000a\000l\000i\000r\000o\000\137\000a\000c\000t\000u\000a\000t\000o\000r\000.\000t\000r\000u\000s\000t\000\137\000f\000r\000a\000m\000e\000w\000o\000r\000k\000.\000e\000n\000d\000p\000o\000i\000n\000t\000\040\000m\000o\000d\000u\000l\000e}{paragraph*.421}% 44
\BOOKMARK [5][-]{subparagraph*.441}{\376\377\000a\000l\000i\000r\000o\000\137\000a\000c\000t\000u\000a\000t\000o\000r\000.\000t\000r\000u\000s\000t\000\137\000f\000r\000a\000m\000e\000w\000o\000r\000k\000.\000e\000r\000r\000o\000r\000s\000\040\000m\000o\000d\000u\000l\000e}{paragraph*.421}% 45
\BOOKMARK [5][-]{subparagraph*.446}{\376\377\000a\000l\000i\000r\000o\000\137\000a\000c\000t\000u\000a\000t\000o\000r\000.\000t\000r\000u\000s\000t\000\137\000f\000r\000a\000m\000e\000w\000o\000r\000k\000.\000k\000e\000y\000\040\000m\000o\000d\000u\000l\000e}{paragraph*.421}% 46
\BOOKMARK [5][-]{subparagraph*.466}{\376\377\000M\000o\000d\000u\000l\000e\000\040\000c\000o\000n\000t\000e\000n\000t\000s}{paragraph*.421}% 47
\BOOKMARK [3][-]{subsubsection.3.1.1.2}{\376\377\000S\000u\000b\000m\000o\000d\000u\000l\000e\000s}{subsection.3.1.1}% 48
\BOOKMARK [4][-]{paragraph*.467}{\376\377\000a\000l\000i\000r\000o\000\137\000a\000c\000t\000u\000a\000t\000o\000r\000.\000l\000o\000g\000\040\000m\000o\000d\000u\000l\000e}{subsubsection.3.1.1.2}% 49
\BOOKMARK [3][-]{subsubsection.3.1.1.3}{\376\377\000M\000o\000d\000u\000l\000e\000\040\000c\000o\000n\000t\000e\000n\000t\000s}{subsection.3.1.1}% 50
\BOOKMARK [0][-]{chapter.4}{\376\377\000I\000n\000d\000i\000c\000e\000s\000\040\000a\000n\000d\000\040\000t\000a\000b\000l\000e\000s}{}% 51
\BOOKMARK [0][-]{section*.476}{\376\377\000P\000y\000t\000h\000o\000n\000\040\000M\000o\000d\000u\000l\000e\000\040\000I\000n\000d\000e\000x}{}% 52
\BOOKMARK [0][-]{section*.477}{\376\377\000I\000n\000d\000e\000x}{}% 53
